---
source: tests/tests.rs
expression: ast
snapshot_kind: text
---
Program([
  Stmt(Decl(VarDecl(Int, "i", None))),
  Stmt(Decl(VarDecl(Char, "c", None))),
  Stmt(Decl(VarDecl(Pointer(Char), "s", None))),
  Stmt(Decl(VarDecl(Array(2, Int), "a", None))),
  Stmt(Decl(VarDecl(Array(4, Array(5, Int)), "b", None))),
  Stmt(Decl(VarDecl(Pointer(Void), "v", None))),
  Stmt(Decl(FunDecl(Void, "foo", [
    VarDecl(Int, "n", None),
  ]))),
  Stmt(Decl(VarDecl(Pointer(Void), "NULL", None))),
])
